Compiling model...
Building MIONetCartesianProd...
'build' took 0.207244 s

'compile' took 0.606614 s

Load model 07 time:  0.6870348453521729
Compiling model...
Building MIONetCartesianProd...
'build' took 0.192123 s

'compile' took 0.737507 s

Load model core time:  0.8123190402984619
load model pin ok 
--- Processing for /home/khnguy22/Deeponet-midas/MIDAS/corereload197-surrogate/output_files_case01p_new/Gen_99_Indv_60/Gen_99_Indv_60.inp ---
before predccccc
after get data
predictin
Deeponet time 1.071265459060669
pred pin time 1.7045435905456543
one cycle take 1.71680
1.625937741663721 2.011894 1247.439 350.4686062409989
True data [350.2792507204611, 1247.7, 1.986, 1.593]
Prediction 350.4686062409989 1247.439 2.011894 1.625937741663721
Parallel processing complete: /home/khnguy22/Deeponet-midas/MIDAS/corereload197-surrogate/output_files_case01p_new/Gen_99_Indv_60/Gen_99_Indv_60.inp
