
 .----------------.  .----------------.  .----------------.  .----------------.  .----------------.   
| .--------------. || .--------------. || .--------------. || .--------------. || .--------------. |  
| | ____    ____ | || |     _____    | || |  ________    | || |      __      | || |    _______   | |  
| ||_   \  /   _|| || |    |_   _|   | || | |_   ___ `.  | || |     /  \     | || |   /  ___  |  | |  
| |  |   \/   |  | || |      | |     | || |   | |   `. \ | || |    / /\ \    | || |  |  (__ \_|  | |  
| |  | |\  /| |  | || |      | |     | || |   | |    | | | || |   / ____ \   | || |   '.___`-.   | |  
| | _| |_\/_| |_ | || |     _| |_    | || |  _| |___.' / | || | _/ /    \ \_ | || |  |`\____) |  | |  
| ||_____||_____|| || |    |_____|   | || | |________.'  | || ||____|  |____|| || |  |_______.'  | |  
| |              | || |              | || |              | || |              | || |              | |  
| '--------------' || '--------------' || '--------------' || '--------------' || '--------------' |  
 '----------------'  '----------------'  '----------------'  '----------------'  '----------------'  

MIDAS Version 0.2.3


====================================================================================================

ERROR: An error in the MIDAS execution has occurred with the following message: 

- - - - - - - - - - - - - - - - - - - - - - - - - - - - - - - - - - - - - - - - - - - - - - - - - - -
Traceback (most recent call last):
  File "C:\Users\cahowar9\Documents\MIDAS\midas\utils\decorators.py", line 19, in wrapper
    exitcode = func(*args, **kwargs)
               ^^^^^^^^^^^^^^^^^^^^^
  File "C:\Users\cahowar9\Documents\MIDAS\midas\utils\decorators.py", line 34, in wrapper
    result = func(*args, **kwargs)
             ^^^^^^^^^^^^^^^^^^^^^
  File "C:\Users\cahowar9\Documents\MIDAS\midas\utils\decorators.py", line 47, in wrapper
    result = func(*args, **kwargs)
             ^^^^^^^^^^^^^^^^^^^^^
  File "C:\Users\cahowar9\Documents\MIDAS\midasmain.py", line 119, in main
    inp_lines = Input_Parser(args.cpus, args.input)
                ^^^^^^^^^^^^^^^^^^^^^^^^^^^^^^^^^^^
  File "C:\Users\cahowar9\Documents\MIDAS\midas\input_parser.py", line 1056, in __init__
    self.parse_input_data()
  File "C:\Users\cahowar9\Documents\MIDAS\midas\input_parser.py", line 1271, in parse_input_data
    if self.code_interface == 'nuscale_database':
       ^^^^
  File "C:\Program Files\WindowsApps\PythonSoftwareFoundation.Python.3.12_3.12.2800.0_x64__qbz5n2kfra8p0\Lib\bdb.py", line 100, in trace_dispatch
    return self.dispatch_line(frame)
           ^^^^^^^^^^^^^^^^^^^^^^^^^
  File "C:\Program Files\WindowsApps\PythonSoftwareFoundation.Python.3.12_3.12.2800.0_x64__qbz5n2kfra8p0\Lib\bdb.py", line 125, in dispatch_line
    if self.quitting: raise BdbQuit
                      ^^^^^^^^^^^^^
bdb.BdbQuit
- - - - - - - - - - - - - - - - - - - - - - - - - - - - - - - - - - - - - - - - - - - - - - - - - - -

MIDAS execution completed.
